// Jest Snapshot v1, https://goo.gl/fbAQLP

exports[`creates dir, generates code and writes new file: new client 1`] = `
"import { createClient, QueryFetcher } from '@dish/gqless';
import {
  GeneratedSchema,
  generatedSchema,
  scalarsEnumsHash,
} from './schema.generated';

const queryFetcher: QueryFetcher = async function (query, variables) {
  const response = await fetch('/graphql', {
    method: 'POST',
    headers: {
      'Content-Type': 'application/json',
    },
    body: JSON.stringify({
      query,
      variables,
    }),
    mode: 'cors',
  });

  if (!response.ok) {
    throw new Error(\`Network error, received status code \${response.status}\`);
  }

  const json = await response.json();

  return json;
};

export const client = createClient<GeneratedSchema>({
  schema: generatedSchema,
  scalarsEnumsHash,
  queryFetcher,
});

export const {
  query,
  mutation,
  mutate,
  subscription,
  resolved,
  refetch,
} = client;

export * from './schema.generated';
"
`;

exports[`creates dir, generates code and writes new file: new schema 1`] = `
"// This should be included

import { ScalarsEnumsHash, SchemaUnionsKey } from '@dish/gqless';

export type Maybe<T> = T | null;
export type Exact<T extends { [key: string]: unknown }> = {
  [K in keyof T]: T[K];
};
export type MakeOptional<T, K extends keyof T> = Omit<T, K> &
  { [SubKey in K]?: Maybe<T[SubKey]> };
export type MakeMaybe<T, K extends keyof T> = Omit<T, K> &
  { [SubKey in K]: Maybe<T[SubKey]> };
/** All built-in and custom scalars, mapped to their actual values */
export interface Scalars {
  ID: string;
  String: string;
  Boolean: boolean;
  Int: number;
  Float: number;
}

export const scalarsEnumsHash: ScalarsEnumsHash = {
  String: true,
  Boolean: true,
};
export const generatedSchema = {
  query: { __typename: { __type: 'String!' }, hello: { __type: 'String!' } },
  mutation: {},
  subscription: {},
} as const;

export interface Query {
  __typename: 'Query';
  hello: ScalarsEnums['String'];
}

export interface Mutation {
  __typename: 'Mutation';
}

export interface Subscription {
  __typename: 'Subscription';
}

export interface GeneratedSchema {
  query: Query;
  mutation: Mutation;
  subscription: Subscription;
}

export type MakeNullable<T> = {
  [K in keyof T]: T[K] | null;
};

export interface ScalarsEnums extends MakeNullable<Scalars> {}
"
`;

exports[`generates code and writes existing file: overwrite 1`] = `
"// This should be included

import { ScalarsEnumsHash, SchemaUnionsKey } from '@dish/gqless';

export type Maybe<T> = T | null;
export type Exact<T extends { [key: string]: unknown }> = {
  [K in keyof T]: T[K];
};
export type MakeOptional<T, K extends keyof T> = Omit<T, K> &
  { [SubKey in K]?: Maybe<T[SubKey]> };
export type MakeMaybe<T, K extends keyof T> = Omit<T, K> &
  { [SubKey in K]: Maybe<T[SubKey]> };
/** All built-in and custom scalars, mapped to their actual values */
export interface Scalars {
  ID: string;
  String: string;
  Boolean: boolean;
  Int: number;
  Float: number;
}

export const scalarsEnumsHash: ScalarsEnumsHash = {
  String: true,
  Boolean: true,
};
export const generatedSchema = {
  query: { __typename: { __type: 'String!' }, hello: { __type: 'String!' } },
  mutation: {},
  subscription: {},
} as const;

export interface Query {
  __typename: 'Query';
  hello: ScalarsEnums['String'];
}

export interface Mutation {
  __typename: 'Mutation';
}

export interface Subscription {
  __typename: 'Subscription';
}

export interface GeneratedSchema {
  query: Query;
  mutation: Mutation;
  subscription: Subscription;
}

export type MakeNullable<T> = {
  [K in keyof T]: T[K] | null;
};

export interface ScalarsEnums extends MakeNullable<Scalars> {}
"
`;
