// Jest Snapshot v1, https://goo.gl/fbAQLP

exports[`selection builder unions 1`] = `
Object {
  "species": Array [
    Object {
      "name": "default",
    },
    Object {
      "name": "a",
    },
    Object {
      "name": "b",
    },
  ],
}
`;
